// Jest Snapshot v1, https://goo.gl/fbAQLP

exports[`<Test /> should render the heading 1`] = `
<main>
  <h1>
    This is a component test
  </h1>
</main>
`
